// Jest Snapshot v1, https://goo.gl/fbAQLP

exports[`Pruebas en el GifGrid Debe mostrar items cuando se cargan im√°genes useFetchGifs 1`] = `
<Fragment>
  <h3
    className="animate__animated animate__fadeIn"
  >
    One Punch
  </h3>
  <div
    className="card-grid"
  >
    <GifGridItem
      id="ABC"
      key="ABC"
      title="Cualquer cosa"
      url="https://localhost/cualquergif"
    />
    <GifGridItem
      id="123"
      key="123"
      title="Cualquer cosa"
      url="https://localhost/cualquergif"
    />
  </div>
</Fragment>
`;

exports[`Pruebas en el GifGrid Debe mostrarse correctamente  1`] = `
<Fragment>
  <h3
    className="animate__animated animate__fadeIn"
  >
    One Punch
  </h3>
  <p
    className="animate__animated animate__flash"
  >
    Cargando...
  </p>
  <div
    className="card-grid"
  />
</Fragment>
`;
