// Jest Snapshot v1, https://goo.gl/fbAQLP

exports[`Pruebas en GifGridITem Debe mostrar el componente correctamente  1`] = `
<Fragment>
  <div
    className="card animate__animated animate__fadeIn"
  >
    <img />
    <p />
  </div>
</Fragment>
`;
